1..2
#> Starting suite Tests with set-up and tear-down.
ok 1 snprintf
#> Finished suite Tests with set-up and tear-down (failed 0 of 1).
#> Starting suite Another suite without set-up.
ok 2 whatever
#> Finished suite Another suite without set-up (failed 0 of 1).
